
================================================================================
SHAP Analysis: rel-f1/driver-dnf
================================================================================

Loading task...
Loading data...
Loading Database object from /Users/i767700/Library/Caches/relbench/rel-f1/db...
Done in 0.06 seconds.
  Features: 7
  Training samples: 11411
  Validation samples: 566
  Test samples: 702
Training LightGBM binary classifier...
  Model trained with 17 trees

Computing SHAP values on validation set...
  Computing SHAP values for 566 samples...
  SHAP values shape: (566, 7)

Computing SHAP values on test set...
  Computing SHAP values for 702 samples...
  SHAP values shape: (702, 7)

Computing feature importance...
Computing Jaccard similarity for features...

================================================================================
SHAP Concentration Analysis Results
================================================================================

Validation Set:
  Top feature: code
  Top feature importance: 0.6980
  Total importance: 1.4508
  Concentration: 48.11%
  Top feature Jaccard: 0.333
  Mean Jaccard (top 10): 0.328

Test Set:
  Top feature: code
  Top feature importance: 0.6724
  Total importance: 1.4329
  Concentration: 46.92%

Top 10 Features (Validation):
   1. code                           | Importance: 0.6980 | Jaccard: 0.333
   2. date                           | Importance: 0.4164 | Jaccard: 0.000
   3. dob                            | Importance: 0.2109 | Jaccard: 0.333
   4. nationality                    | Importance: 0.0496 | Jaccard: 0.591
   5. driverRef                      | Importance: 0.0361 | Jaccard: 0.333
   6. surname                        | Importance: 0.0220 | Jaccard: 0.339
   7. forename                       | Importance: 0.0178 | Jaccard: 0.367

✓ Results saved to papers/conformal_covid/results/shap/shap_rel-f1_driver-dnf.pkl

================================================================================
Analysis Complete!
================================================================================

