
================================================================================
SHAP Analysis: rel-trial/site-success
================================================================================

Loading task...
Loading data...
Loading Database object from /Users/i767700/Library/Caches/relbench/rel-trial/db...
Done in 2.52 seconds.
  Features: 5
  Training samples: 30000
  Validation samples: 19740
  Test samples: 22617
Training LightGBM binary classifier...
  Model trained with 45 trees

Computing SHAP values on validation set...
  Computing SHAP values for 10000 samples...
  SHAP values shape: (10000, 5)

Computing SHAP values on test set...
  Computing SHAP values for 10000 samples...
  SHAP values shape: (10000, 5)

Computing feature importance...
Computing Jaccard similarity for features...

================================================================================
SHAP Concentration Analysis Results
================================================================================

Validation Set:
  Top feature: name
  Top feature importance: 0.1302
  Total importance: 0.3781
  Concentration: 34.44%
  Top feature Jaccard: 0.132
  Mean Jaccard (top 10): 0.455

Test Set:
  Top feature: name
  Top feature importance: 0.1372
  Total importance: 0.3840
  Concentration: 35.73%

Top 10 Features (Validation):
   1. name                           | Importance: 0.1302 | Jaccard: 0.132
   2. country                        | Importance: 0.1282 | Jaccard: 0.738
   3. zip                            | Importance: 0.0620 | Jaccard: 0.455
   4. state                          | Importance: 0.0399 | Jaccard: 0.418
   5. city                           | Importance: 0.0178 | Jaccard: 0.531

✓ Results saved to papers/conformal_covid/results/shap/shap_rel-trial_site-success.pkl

================================================================================
Analysis Complete!
================================================================================

