================================================================================
SHAP FEATURES ANALYSIS - Phase 1 (Ground Truth)
================================================================================

Analyzing ACTUAL features used in models (from SHAP pickles)


results/shap/sales-group_shap.pkl             ... ERROR: File not found

results/shap/sales-payterms_shap.pkl          ... ERROR: File not found

results/shap/sales-shipcond_shap.pkl          ... ERROR: File not found

results/shap/item-shippoint_shap.pkl          ... ERROR: File not found

results/shap/item-incoterms_shap.pkl          ... ERROR: File not found

results/shap/item-plant_shap.pkl              ... ERROR: File not found

results/shap/sales-incoterms_shap.pkl         ... ERROR: File not found

results/shap/sales-office_shap.pkl            ... ERROR: File not found

results/shap/study-outcome_shap.pkl           ... ERROR: File not found

results/shap/study-adverse_shap.pkl           ... ERROR: File not found

results/shap/site-success_shap.pkl            ... ERROR: File not found

results/shap/driver-dnf_shap.pkl              ... ERROR: File not found

================================================================================
SUMMARY
================================================================================

❌ NO DATA - All SHAP files had errors
