/Users/i767700/Library/Python/3.9/lib/python/site-packages/urllib3/__init__.py:35: NotOpenSSLWarning: urllib3 v2 only supports OpenSSL 1.1.1+, currently the 'ssl' module is compiled with 'LibreSSL 2.8.3'. See: https://github.com/urllib3/urllib3/issues/3020
  warnings.warn(
================================================================================
QUICK FEATURE TYPE CHECK - Phase 1
================================================================================

Goal: Check if existing 12 tasks have ANY continuous features
Time: ~10 minutes (using cached data)


rel-salt        / sales-group          ... Loading Database object from /Users/i767700/Library/Caches/relbench/rel-salt/db...
Done in 0.42 seconds.
ERROR: 'AutoCompleteTask' object has no attribute 'time_col'

rel-salt        / sales-payterms       ... Loading Database object from /Users/i767700/Library/Caches/relbench/rel-salt/db...
Done in 0.32 seconds.
ERROR: 'AutoCompleteTask' object has no attribute 'time_col'

rel-salt        / sales-shipcond       ... Loading Database object from /Users/i767700/Library/Caches/relbench/rel-salt/db...
Done in 0.33 seconds.
ERROR: 'AutoCompleteTask' object has no attribute 'time_col'

rel-salt        / item-shippoint       ... Loading Database object from /Users/i767700/Library/Caches/relbench/rel-salt/db...
Done in 0.33 seconds.
ERROR: 'AutoCompleteTask' object has no attribute 'time_col'

rel-salt        / item-incoterms       ... Loading Database object from /Users/i767700/Library/Caches/relbench/rel-salt/db...
Done in 0.32 seconds.
ERROR: 'AutoCompleteTask' object has no attribute 'time_col'

rel-salt        / item-plant           ... Loading Database object from /Users/i767700/Library/Caches/relbench/rel-salt/db...
Done in 0.32 seconds.
ERROR: 'AutoCompleteTask' object has no attribute 'time_col'

rel-salt        / sales-incoterms      ... Loading Database object from /Users/i767700/Library/Caches/relbench/rel-salt/db...
Done in 0.33 seconds.
ERROR: 'AutoCompleteTask' object has no attribute 'time_col'

rel-salt        / sales-office         ... Loading Database object from /Users/i767700/Library/Caches/relbench/rel-salt/db...
Done in 0.32 seconds.
ERROR: 'AutoCompleteTask' object has no attribute 'time_col'

rel-trial       / study-outcome        ... Features:   0 =   0 cat +   0 cont (  0.0% cont)

rel-trial       / study-adverse        ... Features:   0 =   0 cat +   0 cont (  0.0% cont)

rel-trial       / site-success         ... Features:   0 =   0 cat +   0 cont (  0.0% cont)

rel-f1          / driver-dnf           ... Features:   0 =   0 cat +   0 cont (  0.0% cont)

================================================================================
SUMMARY
================================================================================

Total tasks analyzed: 4
Tasks with ANY continuous features: 0 (0.0%)
Tasks DOMINATED by continuous: 0 (0.0%)

Distribution by % continuous:
    0%- 10%:  4 tasks
   10%- 30%:  0 tasks
   30%- 50%:  0 tasks
   50%- 70%:  0 tasks
   70%-100%:  0 tasks

================================================================================
DECISION
================================================================================

❌ NO HOPE - All tasks are 100% categorical
   Continuous features validation is IMPOSSIBLE with current data
   Recommendation: STOP HERE, submit paper as-is

✓ Results saved to /Users/i767700/Github/ai-in-finance/papers/conformal_covid/results/feature_type_analysis.csv
