Starting Day 3 monitoring (checking every 10 minutes)...
Started at: 2025년 12월 27일 토요일 22시 07분 17초 KST

=== Check at 2025년 12월 27일 토요일 22시 07분 17초 KST ===
SHAP results: 8/12 complete

Classification SHAP progress:
  ⏳ study-outcome (running...)
  ⏳ study-adverse
  ⏳ site-success
  ⏳ driver-dnf

Latest from execution log:
========================================

run_day3_complete.sh: line 39: python: command not found

Next check in 10 minutes...

=== Check at 2025년 12월 27일 토요일 22시 17분 17초 KST ===
SHAP results: 12/12 complete

Classification SHAP progress:
  ✓ study-outcome
  ✓ study-adverse
  ✓ site-success
  ✓ driver-dnf

Latest from execution log:
  File "/Users/i767700/Github/ai-in-finance/.venv/lib/python3.12/site-packages/pandas/core/indexes/range.py", line 417, in get_loc
    raise KeyError(key)
KeyError: 'concentration'

Next check in 10 minutes...

=== Check at 2025년 12월 27일 토요일 22시 27분 17초 KST ===
SHAP results: 12/12 complete

Classification SHAP progress:
  ✓ study-outcome
  ✓ study-adverse
  ✓ site-success
  ✓ driver-dnf

Latest from execution log:
  File "/Users/i767700/Github/ai-in-finance/.venv/lib/python3.12/site-packages/pandas/core/indexes/range.py", line 417, in get_loc
    raise KeyError(key)
KeyError: 'concentration'

Next check in 10 minutes...

=== Check at 2025년 12월 27일 토요일 22시 37분 17초 KST ===
SHAP results: 12/12 complete

Classification SHAP progress:
  ✓ study-outcome
  ✓ study-adverse
  ✓ site-success
  ✓ driver-dnf

Latest from execution log:
  File "/Users/i767700/Github/ai-in-finance/.venv/lib/python3.12/site-packages/pandas/core/indexes/range.py", line 417, in get_loc
    raise KeyError(key)
KeyError: 'concentration'

Next check in 10 minutes...

=== Check at 2025년 12월 27일 토요일 22시 47분 18초 KST ===
SHAP results: 12/12 complete

Classification SHAP progress:
  ✓ study-outcome
  ✓ study-adverse
  ✓ site-success
  ✓ driver-dnf


Next check in 10 minutes...

=== Check at 2025년 12월 27일 토요일 22시 57분 18초 KST ===
SHAP results: 12/12 complete

Classification SHAP progress:
  ✓ study-outcome
  ✓ study-adverse
  ✓ site-success
  ✓ driver-dnf


Next check in 10 minutes...

=== Check at 2025년 12월 27일 토요일 23시 07분 18초 KST ===
SHAP results: 12/12 complete

Classification SHAP progress:
  ✓ study-outcome
  ✓ study-adverse
  ✓ site-success
  ✓ driver-dnf


Next check in 10 minutes...

=== Check at 2025년 12월 27일 토요일 23시 17분 18초 KST ===
SHAP results: 12/12 complete

Classification SHAP progress:
  ✓ study-outcome
  ✓ study-adverse
  ✓ site-success
  ✓ driver-dnf


Next check in 10 minutes...

=== Check at 2025년 12월 27일 토요일 23시 27분 18초 KST ===
SHAP results: 12/12 complete

Classification SHAP progress:
  ✓ study-outcome
  ✓ study-adverse
  ✓ site-success
  ✓ driver-dnf


Next check in 10 minutes...

=== Check at 2025년 12월 27일 토요일 23시 37분 18초 KST ===
SHAP results: 12/12 complete

Classification SHAP progress:
  ✓ study-outcome
  ✓ study-adverse
  ✓ site-success
  ✓ driver-dnf


Next check in 10 minutes...

=== Check at 2025년 12월 27일 토요일 23시 47분 18초 KST ===
SHAP results: 12/12 complete

Classification SHAP progress:
  ✓ study-outcome
  ✓ study-adverse
  ✓ site-success
  ✓ driver-dnf


Next check in 10 minutes...

=== Check at 2025년 12월 27일 토요일 23시 57분 19초 KST ===
SHAP results: 12/12 complete

Classification SHAP progress:
  ✓ study-outcome
  ✓ study-adverse
  ✓ site-success
  ✓ driver-dnf


Next check in 10 minutes...

=== Check at 2025년 12월 28일 일요일 00시 07분 19초 KST ===
SHAP results: 12/12 complete

Classification SHAP progress:
  ✓ study-outcome
  ✓ study-adverse
  ✓ site-success
  ✓ driver-dnf


Next check in 10 minutes...

=== Check at 2025년 12월 28일 일요일 00시 17분 19초 KST ===
SHAP results: 12/12 complete

Classification SHAP progress:
  ✓ study-outcome
  ✓ study-adverse
  ✓ site-success
  ✓ driver-dnf


Next check in 10 minutes...

=== Check at 2025년 12월 28일 일요일 00시 32분 02초 KST ===
SHAP results: 12/12 complete

Classification SHAP progress:
  ✓ study-outcome
  ✓ study-adverse
  ✓ site-success
  ✓ driver-dnf


Next check in 10 minutes...

=== Check at 2025년 12월 28일 일요일 00시 42분 02초 KST ===
SHAP results: 12/12 complete

Classification SHAP progress:
  ✓ study-outcome
  ✓ study-adverse
  ✓ site-success
  ✓ driver-dnf


Next check in 10 minutes...

=== Check at 2025년 12월 28일 일요일 00시 52분 02초 KST ===
SHAP results: 12/12 complete

Classification SHAP progress:
  ✓ study-outcome
  ✓ study-adverse
  ✓ site-success
  ✓ driver-dnf


Next check in 10 minutes...

=== Check at 2025년 12월 28일 일요일 01시 02분 02초 KST ===
SHAP results: 12/12 complete

Classification SHAP progress:
  ✓ study-outcome
  ✓ study-adverse
  ✓ site-success
  ✓ driver-dnf


Next check in 10 minutes...

=== Check at 2025년 12월 28일 일요일 01시 12분 02초 KST ===
SHAP results: 12/12 complete

Classification SHAP progress:
  ✓ study-outcome
  ✓ study-adverse
  ✓ site-success
  ✓ driver-dnf


Next check in 10 minutes...

=== Check at 2025년 12월 28일 일요일 01시 22분 03초 KST ===
SHAP results: 12/12 complete

Classification SHAP progress:
  ✓ study-outcome
  ✓ study-adverse
  ✓ site-success
  ✓ driver-dnf


Next check in 10 minutes...

=== Check at 2025년 12월 28일 일요일 01시 32분 03초 KST ===
SHAP results: 12/12 complete

Classification SHAP progress:
  ✓ study-outcome
  ✓ study-adverse
  ✓ site-success
  ✓ driver-dnf


Next check in 10 minutes...

=== Check at 2025년 12월 28일 일요일 01시 42분 03초 KST ===
SHAP results: 12/12 complete

Classification SHAP progress:
  ✓ study-outcome
  ✓ study-adverse
  ✓ site-success
  ✓ driver-dnf


Next check in 10 minutes...

=== Check at 2025년 12월 28일 일요일 01시 52분 03초 KST ===
SHAP results: 12/12 complete

Classification SHAP progress:
  ✓ study-outcome
  ✓ study-adverse
  ✓ site-success
  ✓ driver-dnf


Next check in 10 minutes...

=== Check at 2025년 12월 28일 일요일 02시 02분 04초 KST ===
SHAP results: 12/12 complete

Classification SHAP progress:
  ✓ study-outcome
  ✓ study-adverse
  ✓ site-success
  ✓ driver-dnf


Next check in 10 minutes...

=== Check at 2025년 12월 28일 일요일 02시 12분 04초 KST ===
SHAP results: 12/12 complete

Classification SHAP progress:
  ✓ study-outcome
  ✓ study-adverse
  ✓ site-success
  ✓ driver-dnf


Next check in 10 minutes...

=== Check at 2025년 12월 28일 일요일 02시 22분 04초 KST ===
SHAP results: 12/12 complete

Classification SHAP progress:
  ✓ study-outcome
  ✓ study-adverse
  ✓ site-success
  ✓ driver-dnf


Next check in 10 minutes...

=== Check at 2025년 12월 28일 일요일 02시 32분 04초 KST ===
SHAP results: 12/12 complete

Classification SHAP progress:
  ✓ study-outcome
  ✓ study-adverse
  ✓ site-success
  ✓ driver-dnf


Next check in 10 minutes...

=== Check at 2025년 12월 28일 일요일 02시 42분 04초 KST ===
SHAP results: 12/12 complete

Classification SHAP progress:
  ✓ study-outcome
  ✓ study-adverse
  ✓ site-success
  ✓ driver-dnf


Next check in 10 minutes...

=== Check at 2025년 12월 28일 일요일 02시 52분 04초 KST ===
SHAP results: 12/12 complete

Classification SHAP progress:
  ✓ study-outcome
  ✓ study-adverse
  ✓ site-success
  ✓ driver-dnf


Next check in 10 minutes...

=== Check at 2025년 12월 28일 일요일 03시 02분 05초 KST ===
SHAP results: 12/12 complete

Classification SHAP progress:
  ✓ study-outcome
  ✓ study-adverse
  ✓ site-success
  ✓ driver-dnf


Next check in 10 minutes...

=== Check at 2025년 12월 28일 일요일 03시 12분 05초 KST ===
SHAP results: 12/12 complete

Classification SHAP progress:
  ✓ study-outcome
  ✓ study-adverse
  ✓ site-success
  ✓ driver-dnf


Next check in 10 minutes...

=== Check at 2025년 12월 28일 일요일 03시 22분 05초 KST ===
SHAP results: 12/12 complete

Classification SHAP progress:
  ✓ study-outcome
  ✓ study-adverse
  ✓ site-success
  ✓ driver-dnf


Next check in 10 minutes...

=== Check at 2025년 12월 28일 일요일 03시 32분 05초 KST ===
SHAP results: 12/12 complete

Classification SHAP progress:
  ✓ study-outcome
  ✓ study-adverse
  ✓ site-success
  ✓ driver-dnf


Next check in 10 minutes...

=== Check at 2025년 12월 28일 일요일 03시 42분 05초 KST ===
SHAP results: 12/12 complete

Classification SHAP progress:
  ✓ study-outcome
  ✓ study-adverse
  ✓ site-success
  ✓ driver-dnf


Next check in 10 minutes...

=== Check at 2025년 12월 28일 일요일 03시 52분 06초 KST ===
SHAP results: 12/12 complete

Classification SHAP progress:
  ✓ study-outcome
  ✓ study-adverse
  ✓ site-success
  ✓ driver-dnf


Next check in 10 minutes...

=== Check at 2025년 12월 28일 일요일 04시 02분 06초 KST ===
SHAP results: 12/12 complete

Classification SHAP progress:
  ✓ study-outcome
  ✓ study-adverse
  ✓ site-success
  ✓ driver-dnf


Next check in 10 minutes...

=== Check at 2025년 12월 28일 일요일 04시 12분 06초 KST ===
SHAP results: 12/12 complete

Classification SHAP progress:
  ✓ study-outcome
  ✓ study-adverse
  ✓ site-success
  ✓ driver-dnf


Next check in 10 minutes...

=== Check at 2025년 12월 28일 일요일 04시 22분 06초 KST ===
SHAP results: 12/12 complete

Classification SHAP progress:
  ✓ study-outcome
  ✓ study-adverse
  ✓ site-success
  ✓ driver-dnf


Next check in 10 minutes...

=== Check at 2025년 12월 28일 일요일 04시 32분 06초 KST ===
SHAP results: 12/12 complete

Classification SHAP progress:
  ✓ study-outcome
  ✓ study-adverse
  ✓ site-success
  ✓ driver-dnf


Next check in 10 minutes...

=== Check at 2025년 12월 28일 일요일 04시 42분 07초 KST ===
SHAP results: 12/12 complete

Classification SHAP progress:
  ✓ study-outcome
  ✓ study-adverse
  ✓ site-success
  ✓ driver-dnf


Next check in 10 minutes...

=== Check at 2025년 12월 28일 일요일 04시 52분 07초 KST ===
SHAP results: 12/12 complete

Classification SHAP progress:
  ✓ study-outcome
  ✓ study-adverse
  ✓ site-success
  ✓ driver-dnf


Next check in 10 minutes...

=== Check at 2025년 12월 28일 일요일 05시 02분 07초 KST ===
SHAP results: 12/12 complete

Classification SHAP progress:
  ✓ study-outcome
  ✓ study-adverse
  ✓ site-success
  ✓ driver-dnf


Next check in 10 minutes...

=== Check at 2025년 12월 28일 일요일 05시 12분 07초 KST ===
SHAP results: 12/12 complete

Classification SHAP progress:
  ✓ study-outcome
  ✓ study-adverse
  ✓ site-success
  ✓ driver-dnf


Next check in 10 minutes...

=== Check at 2025년 12월 28일 일요일 05시 22분 07초 KST ===
SHAP results: 12/12 complete

Classification SHAP progress:
  ✓ study-outcome
  ✓ study-adverse
  ✓ site-success
  ✓ driver-dnf


Next check in 10 minutes...

=== Check at 2025년 12월 28일 일요일 05시 32분 07초 KST ===
SHAP results: 12/12 complete

Classification SHAP progress:
  ✓ study-outcome
  ✓ study-adverse
  ✓ site-success
  ✓ driver-dnf


Next check in 10 minutes...

=== Check at 2025년 12월 28일 일요일 05시 42분 08초 KST ===
SHAP results: 12/12 complete

Classification SHAP progress:
  ✓ study-outcome
  ✓ study-adverse
  ✓ site-success
  ✓ driver-dnf


Next check in 10 minutes...

=== Check at 2025년 12월 28일 일요일 05시 52분 08초 KST ===
SHAP results: 12/12 complete

Classification SHAP progress:
  ✓ study-outcome
  ✓ study-adverse
  ✓ site-success
  ✓ driver-dnf


Next check in 10 minutes...

=== Check at 2025년 12월 28일 일요일 06시 02분 08초 KST ===
SHAP results: 12/12 complete

Classification SHAP progress:
  ✓ study-outcome
  ✓ study-adverse
  ✓ site-success
  ✓ driver-dnf


Next check in 10 minutes...

=== Check at 2025년 12월 28일 일요일 06시 12분 08초 KST ===
SHAP results: 12/12 complete

Classification SHAP progress:
  ✓ study-outcome
  ✓ study-adverse
  ✓ site-success
  ✓ driver-dnf


Next check in 10 minutes...

=== Check at 2025년 12월 28일 일요일 06시 22분 08초 KST ===
SHAP results: 12/12 complete

Classification SHAP progress:
  ✓ study-outcome
  ✓ study-adverse
  ✓ site-success
  ✓ driver-dnf


Next check in 10 minutes...

=== Check at 2025년 12월 28일 일요일 06시 32분 09초 KST ===
SHAP results: 12/12 complete

Classification SHAP progress:
  ✓ study-outcome
  ✓ study-adverse
  ✓ site-success
  ✓ driver-dnf


Next check in 10 minutes...

=== Check at 2025년 12월 28일 일요일 06시 42분 09초 KST ===
SHAP results: 12/12 complete

Classification SHAP progress:
  ✓ study-outcome
  ✓ study-adverse
  ✓ site-success
  ✓ driver-dnf


Next check in 10 minutes...

=== Check at 2025년 12월 28일 일요일 07시 08분 24초 KST ===
SHAP results: 12/12 complete

Classification SHAP progress:
  ✓ study-outcome
  ✓ study-adverse
  ✓ site-success
  ✓ driver-dnf


Next check in 10 minutes...

=== Check at 2025년 12월 28일 일요일 07시 18분 24초 KST ===
SHAP results: 12/12 complete

Classification SHAP progress:
  ✓ study-outcome
  ✓ study-adverse
  ✓ site-success
  ✓ driver-dnf


Next check in 10 minutes...

=== Check at 2025년 12월 28일 일요일 07시 28분 24초 KST ===
SHAP results: 12/12 complete

Classification SHAP progress:
  ✓ study-outcome
  ✓ study-adverse
  ✓ site-success
  ✓ driver-dnf


Next check in 10 minutes...

=== Check at 2025년 12월 28일 일요일 07시 38분 24초 KST ===
SHAP results: 12/12 complete

Classification SHAP progress:
  ✓ study-outcome
  ✓ study-adverse
  ✓ site-success
  ✓ driver-dnf


Next check in 10 minutes...

=== Check at 2025년 12월 28일 일요일 07시 48분 25초 KST ===
SHAP results: 12/12 complete

Classification SHAP progress:
  ✓ study-outcome
  ✓ study-adverse
  ✓ site-success
  ✓ driver-dnf


Next check in 10 minutes...

=== Check at 2025년 12월 28일 일요일 07시 58분 25초 KST ===
SHAP results: 12/12 complete

Classification SHAP progress:
  ✓ study-outcome
  ✓ study-adverse
  ✓ site-success
  ✓ driver-dnf


Next check in 10 minutes...

=== Check at 2025년 12월 28일 일요일 08시 08분 25초 KST ===
SHAP results: 12/12 complete

Classification SHAP progress:
  ✓ study-outcome
  ✓ study-adverse
  ✓ site-success
  ✓ driver-dnf


Next check in 10 minutes...

=== Check at 2025년 12월 28일 일요일 08시 32분 56초 KST ===
SHAP results: 12/12 complete

Classification SHAP progress:
  ✓ study-outcome
  ✓ study-adverse
  ✓ site-success
  ✓ driver-dnf


Next check in 10 minutes...

=== Check at 2025년 12월 28일 일요일 08시 42분 57초 KST ===
SHAP results: 12/12 complete

Classification SHAP progress:
  ✓ study-outcome
  ✓ study-adverse
  ✓ site-success
  ✓ driver-dnf


Next check in 10 minutes...

=== Check at 2025년 12월 28일 일요일 08시 52분 57초 KST ===
SHAP results: 12/12 complete

Classification SHAP progress:
  ✓ study-outcome
  ✓ study-adverse
  ✓ site-success
  ✓ driver-dnf


Next check in 10 minutes...

=== Check at 2025년 12월 28일 일요일 09시 02분 57초 KST ===
SHAP results: 12/12 complete

Classification SHAP progress:
  ✓ study-outcome
  ✓ study-adverse
  ✓ site-success
  ✓ driver-dnf


Next check in 10 minutes...

=== Check at 2025년 12월 28일 일요일 09시 12분 57초 KST ===
SHAP results: 12/12 complete

Classification SHAP progress:
  ✓ study-outcome
  ✓ study-adverse
  ✓ site-success
  ✓ driver-dnf


Next check in 10 minutes...

=== Check at 2025년 12월 28일 일요일 09시 22분 57초 KST ===
SHAP results: 12/12 complete

Classification SHAP progress:
  ✓ study-outcome
  ✓ study-adverse
  ✓ site-success
  ✓ driver-dnf


Next check in 10 minutes...

=== Check at 2025년 12월 28일 일요일 09시 32분 57초 KST ===
SHAP results: 12/12 complete

Classification SHAP progress:
  ✓ study-outcome
  ✓ study-adverse
  ✓ site-success
  ✓ driver-dnf


Next check in 10 minutes...

=== Check at 2025년 12월 28일 일요일 10시 11분 59초 KST ===
SHAP results: 12/12 complete

Classification SHAP progress:
  ✓ study-outcome
  ✓ study-adverse
  ✓ site-success
  ✓ driver-dnf


Next check in 10 minutes...

=== Check at 2025년 12월 28일 일요일 12시 09분 36초 KST ===
SHAP results: 12/12 complete

Classification SHAP progress:
  ✓ study-outcome
  ✓ study-adverse
  ✓ site-success
  ✓ driver-dnf


Next check in 10 minutes...

=== Check at 2025년 12월 28일 일요일 14시 06분 19초 KST ===
SHAP results: 12/12 complete

Classification SHAP progress:
  ✓ study-outcome
  ✓ study-adverse
  ✓ site-success
  ✓ driver-dnf


Next check in 10 minutes...

=== Check at 2025년 12월 28일 일요일 16시 21분 51초 KST ===
SHAP results: 12/12 complete

Classification SHAP progress:
  ✓ study-outcome
  ✓ study-adverse
  ✓ site-success
  ✓ driver-dnf


Next check in 10 minutes...

=== Check at 2025년 12월 28일 일요일 17시 24분 27초 KST ===
SHAP results: 12/12 complete

Classification SHAP progress:
  ✓ study-outcome
  ✓ study-adverse
  ✓ site-success
  ✓ driver-dnf


Next check in 10 minutes...

=== Check at 2025년 12월 28일 일요일 17시 34분 27초 KST ===
SHAP results: 12/12 complete

Classification SHAP progress:
  ✓ study-outcome
  ✓ study-adverse
  ✓ site-success
  ✓ driver-dnf


Next check in 10 minutes...

=== Check at 2025년 12월 28일 일요일 17시 44분 27초 KST ===
SHAP results: 12/12 complete

Classification SHAP progress:
  ✓ study-outcome
  ✓ study-adverse
  ✓ site-success
  ✓ driver-dnf


Next check in 10 minutes...

=== Check at 2025년 12월 28일 일요일 17시 54분 27초 KST ===
SHAP results: 12/12 complete

Classification SHAP progress:
  ✓ study-outcome
  ✓ study-adverse
  ✓ site-success
  ✓ driver-dnf


Next check in 10 minutes...

=== Check at 2025년 12월 28일 일요일 18시 04분 28초 KST ===
SHAP results: 12/12 complete

Classification SHAP progress:
  ✓ study-outcome
  ✓ study-adverse
  ✓ site-success
  ✓ driver-dnf


Next check in 10 minutes...

=== Check at 2025년 12월 28일 일요일 18시 14분 28초 KST ===
SHAP results: 12/12 complete

Classification SHAP progress:
  ✓ study-outcome
  ✓ study-adverse
  ✓ site-success
  ✓ driver-dnf


Next check in 10 minutes...

=== Check at 2025년 12월 28일 일요일 18시 24분 28초 KST ===
SHAP results: 12/12 complete

Classification SHAP progress:
  ✓ study-outcome
  ✓ study-adverse
  ✓ site-success
  ✓ driver-dnf


Next check in 10 minutes...

=== Check at 2025년 12월 28일 일요일 18시 34분 28초 KST ===
SHAP results: 12/12 complete

Classification SHAP progress:
  ✓ study-outcome
  ✓ study-adverse
  ✓ site-success
  ✓ driver-dnf


Next check in 10 minutes...

=== Check at 2025년 12월 28일 일요일 18시 44분 28초 KST ===
SHAP results: 12/12 complete

Classification SHAP progress:
  ✓ study-outcome
  ✓ study-adverse
  ✓ site-success
  ✓ driver-dnf


Next check in 10 minutes...

=== Check at 2025년 12월 28일 일요일 18시 54분 29초 KST ===
SHAP results: 12/12 complete

Classification SHAP progress:
  ✓ study-outcome
  ✓ study-adverse
  ✓ site-success
  ✓ driver-dnf


Next check in 10 minutes...

=== Check at 2025년 12월 28일 일요일 19시 04분 29초 KST ===
SHAP results: 12/12 complete

Classification SHAP progress:
  ✓ study-outcome
  ✓ study-adverse
  ✓ site-success
  ✓ driver-dnf


Next check in 10 minutes...

=== Check at 2025년 12월 28일 일요일 23시 28분 18초 KST ===
SHAP results: 12/12 complete

Classification SHAP progress:
  ✓ study-outcome
  ✓ study-adverse
  ✓ site-success
  ✓ driver-dnf


Next check in 10 minutes...

=== Check at 2025년 12월 29일 월요일 04시 13분 45초 KST ===
SHAP results: 12/12 complete

Classification SHAP progress:
  ✓ study-outcome
  ✓ study-adverse
  ✓ site-success
  ✓ driver-dnf


Next check in 10 minutes...

=== Check at 2025년 12월 29일 월요일 08시 25분 47초 KST ===
SHAP results: 12/12 complete

Classification SHAP progress:
  ✓ study-outcome
  ✓ study-adverse
  ✓ site-success
  ✓ driver-dnf


Next check in 10 minutes...

=== Check at 2025년 12월 29일 월요일 09시 57분 04초 KST ===
SHAP results: 12/12 complete

Classification SHAP progress:
  ✓ study-outcome
  ✓ study-adverse
  ✓ site-success
  ✓ driver-dnf


Next check in 10 minutes...

=== Check at 2025년 12월 29일 월요일 10시 07분 04초 KST ===
SHAP results: 12/12 complete

Classification SHAP progress:
  ✓ study-outcome
  ✓ study-adverse
  ✓ site-success
  ✓ driver-dnf


Next check in 10 minutes...

=== Check at 2025년 12월 29일 월요일 10시 17분 04초 KST ===
SHAP results: 12/12 complete

Classification SHAP progress:
  ✓ study-outcome
  ✓ study-adverse
  ✓ site-success
  ✓ driver-dnf


Next check in 10 minutes...

=== Check at 2025년 12월 29일 월요일 10시 27분 04초 KST ===
SHAP results: 12/12 complete

Classification SHAP progress:
  ✓ study-outcome
  ✓ study-adverse
  ✓ site-success
  ✓ driver-dnf


Next check in 10 minutes...

=== Check at 2025년 12월 29일 월요일 10시 37분 05초 KST ===
SHAP results: 12/12 complete

Classification SHAP progress:
  ✓ study-outcome
  ✓ study-adverse
  ✓ site-success
  ✓ driver-dnf


Next check in 10 minutes...

=== Check at 2025년 12월 29일 월요일 10시 47분 05초 KST ===
SHAP results: 12/12 complete

Classification SHAP progress:
  ✓ study-outcome
  ✓ study-adverse
  ✓ site-success
  ✓ driver-dnf


Next check in 10 minutes...

=== Check at 2025년 12월 29일 월요일 10시 57분 05초 KST ===
SHAP results: 12/12 complete

Classification SHAP progress:
  ✓ study-outcome
  ✓ study-adverse
  ✓ site-success
  ✓ driver-dnf


Next check in 10 minutes...

=== Check at 2025년 12월 29일 월요일 11시 07분 05초 KST ===
SHAP results: 12/12 complete

Classification SHAP progress:
  ✓ study-outcome
  ✓ study-adverse
  ✓ site-success
  ✓ driver-dnf


Next check in 10 minutes...

=== Check at 2025년 12월 29일 월요일 11시 17분 05초 KST ===
SHAP results: 12/12 complete

Classification SHAP progress:
  ✓ study-outcome
  ✓ study-adverse
  ✓ site-success
  ✓ driver-dnf


Next check in 10 minutes...

=== Check at 2025년 12월 29일 월요일 11시 27분 05초 KST ===
SHAP results: 12/12 complete

Classification SHAP progress:
  ✓ study-outcome
  ✓ study-adverse
  ✓ site-success
  ✓ driver-dnf


Next check in 10 minutes...

=== Check at 2025년 12월 29일 월요일 11시 37분 06초 KST ===
SHAP results: 12/12 complete

Classification SHAP progress:
  ✓ study-outcome
  ✓ study-adverse
  ✓ site-success
  ✓ driver-dnf


Next check in 10 minutes...

=== Check at 2025년 12월 29일 월요일 11시 47분 06초 KST ===
SHAP results: 12/12 complete

Classification SHAP progress:
  ✓ study-outcome
  ✓ study-adverse
  ✓ site-success
  ✓ driver-dnf


Next check in 10 minutes...

=== Check at 2025년 12월 29일 월요일 11시 57분 06초 KST ===
SHAP results: 12/12 complete

Classification SHAP progress:
  ✓ study-outcome
  ✓ study-adverse
  ✓ site-success
  ✓ driver-dnf


Next check in 10 minutes...

=== Check at 2025년 12월 29일 월요일 12시 07분 06초 KST ===
SHAP results: 12/12 complete

Classification SHAP progress:
  ✓ study-outcome
  ✓ study-adverse
  ✓ site-success
  ✓ driver-dnf


Next check in 10 minutes...

=== Check at 2025년 12월 29일 월요일 12시 17분 07초 KST ===
SHAP results: 12/12 complete

Classification SHAP progress:
  ✓ study-outcome
  ✓ study-adverse
  ✓ site-success
  ✓ driver-dnf


Next check in 10 minutes...

=== Check at 2025년 12월 29일 월요일 12시 27분 07초 KST ===
SHAP results: 12/12 complete

Classification SHAP progress:
  ✓ study-outcome
  ✓ study-adverse
  ✓ site-success
  ✓ driver-dnf


Next check in 10 minutes...

=== Check at 2025년 12월 29일 월요일 12시 37분 07초 KST ===
SHAP results: 12/12 complete

Classification SHAP progress:
  ✓ study-outcome
  ✓ study-adverse
  ✓ site-success
  ✓ driver-dnf


Next check in 10 minutes...

=== Check at 2025년 12월 29일 월요일 12시 47분 07초 KST ===
SHAP results: 12/12 complete

Classification SHAP progress:
  ✓ study-outcome
  ✓ study-adverse
  ✓ site-success
  ✓ driver-dnf


Next check in 10 minutes...

=== Check at 2025년 12월 29일 월요일 13시 00분 34초 KST ===
SHAP results: 12/12 complete

Classification SHAP progress:
  ✓ study-outcome
  ✓ study-adverse
  ✓ site-success
  ✓ driver-dnf


Next check in 10 minutes...

=== Check at 2025년 12월 29일 월요일 13시 10분 34초 KST ===
SHAP results: 12/12 complete

Classification SHAP progress:
  ✓ study-outcome
  ✓ study-adverse
  ✓ site-success
  ✓ driver-dnf


Next check in 10 minutes...

=== Check at 2025년 12월 29일 월요일 13시 20분 34초 KST ===
SHAP results: 12/12 complete

Classification SHAP progress:
  ✓ study-outcome
  ✓ study-adverse
  ✓ site-success
  ✓ driver-dnf


Next check in 10 minutes...

=== Check at 2025년 12월 29일 월요일 13시 30분 35초 KST ===
SHAP results: 12/12 complete

Classification SHAP progress:
  ✓ study-outcome
  ✓ study-adverse
  ✓ site-success
  ✓ driver-dnf


Next check in 10 minutes...

=== Check at 2025년 12월 29일 월요일 13시 40분 35초 KST ===
SHAP results: 12/12 complete

Classification SHAP progress:
  ✓ study-outcome
  ✓ study-adverse
  ✓ site-success
  ✓ driver-dnf


Next check in 10 minutes...

=== Check at 2025년 12월 29일 월요일 13시 50분 35초 KST ===
SHAP results: 12/12 complete

Classification SHAP progress:
  ✓ study-outcome
  ✓ study-adverse
  ✓ site-success
  ✓ driver-dnf


Next check in 10 minutes...

=== Check at 2025년 12월 29일 월요일 14시 00분 35초 KST ===
SHAP results: 12/12 complete

Classification SHAP progress:
  ✓ study-outcome
  ✓ study-adverse
  ✓ site-success
  ✓ driver-dnf


Next check in 10 minutes...

=== Check at 2025년 12월 29일 월요일 14시 10분 35초 KST ===
SHAP results: 12/12 complete

Classification SHAP progress:
  ✓ study-outcome
  ✓ study-adverse
  ✓ site-success
  ✓ driver-dnf


Next check in 10 minutes...

=== Check at 2025년 12월 29일 월요일 14시 20분 36초 KST ===
SHAP results: 12/12 complete

Classification SHAP progress:
  ✓ study-outcome
  ✓ study-adverse
  ✓ site-success
  ✓ driver-dnf


Next check in 10 minutes...

=== Check at 2025년 12월 29일 월요일 14시 30분 36초 KST ===
SHAP results: 12/12 complete

Classification SHAP progress:
  ✓ study-outcome
  ✓ study-adverse
  ✓ site-success
  ✓ driver-dnf


Next check in 10 minutes...

=== Check at 2025년 12월 29일 월요일 14시 40분 36초 KST ===
SHAP results: 12/12 complete

Classification SHAP progress:
  ✓ study-outcome
  ✓ study-adverse
  ✓ site-success
  ✓ driver-dnf


Next check in 10 minutes...

=== Check at 2025년 12월 29일 월요일 14시 51분 50초 KST ===
SHAP results: 12/12 complete

Classification SHAP progress:
  ✓ study-outcome
  ✓ study-adverse
  ✓ site-success
  ✓ driver-dnf


Next check in 10 minutes...

=== Check at 2025년 12월 29일 월요일 15시 01분 50초 KST ===
SHAP results: 12/12 complete

Classification SHAP progress:
  ✓ study-outcome
  ✓ study-adverse
  ✓ site-success
  ✓ driver-dnf


Next check in 10 minutes...

=== Check at 2025년 12월 29일 월요일 15시 11분 50초 KST ===
SHAP results: 12/12 complete

Classification SHAP progress:
  ✓ study-outcome
  ✓ study-adverse
  ✓ site-success
  ✓ driver-dnf


Next check in 10 minutes...

=== Check at 2025년 12월 29일 월요일 15시 21분 50초 KST ===
SHAP results: 12/12 complete

Classification SHAP progress:
  ✓ study-outcome
  ✓ study-adverse
  ✓ site-success
  ✓ driver-dnf


Next check in 10 minutes...

=== Check at 2025년 12월 29일 월요일 15시 31분 50초 KST ===
SHAP results: 12/12 complete

Classification SHAP progress:
  ✓ study-outcome
  ✓ study-adverse
  ✓ site-success
  ✓ driver-dnf


Next check in 10 minutes...

=== Check at 2025년 12월 29일 월요일 15시 41분 58초 KST ===
SHAP results: 12/12 complete

Classification SHAP progress:
  ✓ study-outcome
  ✓ study-adverse
  ✓ site-success
  ✓ driver-dnf


Next check in 10 minutes...

=== Check at 2025년 12월 29일 월요일 15시 51분 58초 KST ===
SHAP results: 12/12 complete

Classification SHAP progress:
  ✓ study-outcome
  ✓ study-adverse
  ✓ site-success
  ✓ driver-dnf


Next check in 10 minutes...

=== Check at 2025년 12월 29일 월요일 16시 01분 58초 KST ===
SHAP results: 12/12 complete

Classification SHAP progress:
  ✓ study-outcome
  ✓ study-adverse
  ✓ site-success
  ✓ driver-dnf


Next check in 10 minutes...

=== Check at 2025년 12월 29일 월요일 16시 11분 58초 KST ===
SHAP results: 12/12 complete

Classification SHAP progress:
  ✓ study-outcome
  ✓ study-adverse
  ✓ site-success
  ✓ driver-dnf


Next check in 10 minutes...

=== Check at 2025년 12월 29일 월요일 16시 21분 58초 KST ===
SHAP results: 12/12 complete

Classification SHAP progress:
  ✓ study-outcome
  ✓ study-adverse
  ✓ site-success
  ✓ driver-dnf


Next check in 10 minutes...

=== Check at 2025년 12월 29일 월요일 16시 31분 59초 KST ===
SHAP results: 12/12 complete

Classification SHAP progress:
  ✓ study-outcome
  ✓ study-adverse
  ✓ site-success
  ✓ driver-dnf


Next check in 10 minutes...

=== Check at 2025년 12월 29일 월요일 16시 41분 59초 KST ===
SHAP results: 12/12 complete

Classification SHAP progress:
  ✓ study-outcome
  ✓ study-adverse
  ✓ site-success
  ✓ driver-dnf


Next check in 10 minutes...

=== Check at 2025년 12월 29일 월요일 16시 51분 59초 KST ===
SHAP results: 12/12 complete

Classification SHAP progress:
  ✓ study-outcome
  ✓ study-adverse
  ✓ site-success
  ✓ driver-dnf


Next check in 10 minutes...

=== Check at 2025년 12월 29일 월요일 17시 01분 59초 KST ===
SHAP results: 12/12 complete

Classification SHAP progress:
  ✓ study-outcome
  ✓ study-adverse
  ✓ site-success
  ✓ driver-dnf


Next check in 10 minutes...

=== Check at 2025년 12월 29일 월요일 17시 12분 00초 KST ===
SHAP results: 12/12 complete

Classification SHAP progress:
  ✓ study-outcome
  ✓ study-adverse
  ✓ site-success
  ✓ driver-dnf


Next check in 10 minutes...

=== Check at 2025년 12월 29일 월요일 17시 22분 00초 KST ===
SHAP results: 12/12 complete

Classification SHAP progress:
  ✓ study-outcome
  ✓ study-adverse
  ✓ site-success
  ✓ driver-dnf


Next check in 10 minutes...

=== Check at 2025년 12월 29일 월요일 17시 32분 00초 KST ===
SHAP results: 12/12 complete

Classification SHAP progress:
  ✓ study-outcome
  ✓ study-adverse
  ✓ site-success
  ✓ driver-dnf


Next check in 10 minutes...

=== Check at 2025년 12월 29일 월요일 17시 42분 00초 KST ===
SHAP results: 12/12 complete

Classification SHAP progress:
  ✓ study-outcome
  ✓ study-adverse
  ✓ site-success
  ✓ driver-dnf


Next check in 10 minutes...

=== Check at 2025년 12월 29일 월요일 17시 52분 01초 KST ===
SHAP results: 12/12 complete

Classification SHAP progress:
  ✓ study-outcome
  ✓ study-adverse
  ✓ site-success
  ✓ driver-dnf


Next check in 10 minutes...

=== Check at 2025년 12월 29일 월요일 18시 03분 24초 KST ===
SHAP results: 12/12 complete

Classification SHAP progress:
  ✓ study-outcome
  ✓ study-adverse
  ✓ site-success
  ✓ driver-dnf


Next check in 10 minutes...

=== Check at 2025년 12월 29일 월요일 18시 13분 24초 KST ===
SHAP results: 12/12 complete

Classification SHAP progress:
  ✓ study-outcome
  ✓ study-adverse
  ✓ site-success
  ✓ driver-dnf


Next check in 10 minutes...

=== Check at 2025년 12월 29일 월요일 18시 23분 25초 KST ===
SHAP results: 12/12 complete

Classification SHAP progress:
  ✓ study-outcome
  ✓ study-adverse
  ✓ site-success
  ✓ driver-dnf


Next check in 10 minutes...

=== Check at 2025년 12월 29일 월요일 18시 33분 25초 KST ===
SHAP results: 12/12 complete

Classification SHAP progress:
  ✓ study-outcome
  ✓ study-adverse
  ✓ site-success
  ✓ driver-dnf


Next check in 10 minutes...

=== Check at 2025년 12월 29일 월요일 18시 43분 25초 KST ===
SHAP results: 12/12 complete

Classification SHAP progress:
  ✓ study-outcome
  ✓ study-adverse
  ✓ site-success
  ✓ driver-dnf


Next check in 10 minutes...

=== Check at 2025년 12월 29일 월요일 19시 07분 12초 KST ===
SHAP results: 12/12 complete

Classification SHAP progress:
  ✓ study-outcome
  ✓ study-adverse
  ✓ site-success
  ✓ driver-dnf


Next check in 10 minutes...

=== Check at 2025년 12월 29일 월요일 19시 21분 31초 KST ===
SHAP results: 12/12 complete

Classification SHAP progress:
  ✓ study-outcome
  ✓ study-adverse
  ✓ site-success
  ✓ driver-dnf


Next check in 10 minutes...

=== Check at 2025년 12월 29일 월요일 20시 06분 16초 KST ===
SHAP results: 12/12 complete

Classification SHAP progress:
  ✓ study-outcome
  ✓ study-adverse
  ✓ site-success
  ✓ driver-dnf


Next check in 10 minutes...

=== Check at 2025년 12월 29일 월요일 20시 16분 16초 KST ===
SHAP results: 12/12 complete

Classification SHAP progress:
  ✓ study-outcome
  ✓ study-adverse
  ✓ site-success
  ✓ driver-dnf


Next check in 10 minutes...

=== Check at 2025년 12월 29일 월요일 20시 26분 16초 KST ===
SHAP results: 12/12 complete

Classification SHAP progress:
  ✓ study-outcome
  ✓ study-adverse
  ✓ site-success
  ✓ driver-dnf


Next check in 10 minutes...

=== Check at 2025년 12월 29일 월요일 20시 36분 16초 KST ===
SHAP results: 12/12 complete

Classification SHAP progress:
  ✓ study-outcome
  ✓ study-adverse
  ✓ site-success
  ✓ driver-dnf


Next check in 10 minutes...

=== Check at 2025년 12월 29일 월요일 20시 46분 16초 KST ===
SHAP results: 12/12 complete

Classification SHAP progress:
  ✓ study-outcome
  ✓ study-adverse
  ✓ site-success
  ✓ driver-dnf


Next check in 10 minutes...

=== Check at 2025년 12월 29일 월요일 21시 06분 53초 KST ===
SHAP results: 12/12 complete

Classification SHAP progress:
  ✓ study-outcome
  ✓ study-adverse
  ✓ site-success
  ✓ driver-dnf


Next check in 10 minutes...

=== Check at 2025년 12월 29일 월요일 22시 11분 28초 KST ===
SHAP results: 12/12 complete

Classification SHAP progress:
  ✓ study-outcome
  ✓ study-adverse
  ✓ site-success
  ✓ driver-dnf


Next check in 10 minutes...

=== Check at 2025년 12월 29일 월요일 22시 21분 28초 KST ===
SHAP results: 12/12 complete

Classification SHAP progress:
  ✓ study-outcome
  ✓ study-adverse
  ✓ site-success
  ✓ driver-dnf


Next check in 10 minutes...

=== Check at 2025년 12월 29일 월요일 22시 31분 28초 KST ===
SHAP results: 12/12 complete

Classification SHAP progress:
  ✓ study-outcome
  ✓ study-adverse
  ✓ site-success
  ✓ driver-dnf


Next check in 10 minutes...

=== Check at 2025년 12월 29일 월요일 22시 41분 28초 KST ===
SHAP results: 12/12 complete

Classification SHAP progress:
  ✓ study-outcome
  ✓ study-adverse
  ✓ site-success
  ✓ driver-dnf


Next check in 10 minutes...

=== Check at 2025년 12월 29일 월요일 22시 51분 29초 KST ===
SHAP results: 12/12 complete

Classification SHAP progress:
  ✓ study-outcome
  ✓ study-adverse
  ✓ site-success
  ✓ driver-dnf


Next check in 10 minutes...

=== Check at 2025년 12월 29일 월요일 23시 01분 29초 KST ===
SHAP results: 12/12 complete

Classification SHAP progress:
  ✓ study-outcome
  ✓ study-adverse
  ✓ site-success
  ✓ driver-dnf


Next check in 10 minutes...

=== Check at 2025년 12월 29일 월요일 23시 11분 29초 KST ===
SHAP results: 12/12 complete

Classification SHAP progress:
  ✓ study-outcome
  ✓ study-adverse
  ✓ site-success
  ✓ driver-dnf


Next check in 10 minutes...

=== Check at 2025년 12월 29일 월요일 23시 21분 29초 KST ===
SHAP results: 12/12 complete

Classification SHAP progress:
  ✓ study-outcome
  ✓ study-adverse
  ✓ site-success
  ✓ driver-dnf


Next check in 10 minutes...

=== Check at 2025년 12월 29일 월요일 23시 31분 30초 KST ===
SHAP results: 12/12 complete

Classification SHAP progress:
  ✓ study-outcome
  ✓ study-adverse
  ✓ site-success
  ✓ driver-dnf


Next check in 10 minutes...

=== Check at 2025년 12월 29일 월요일 23시 41분 30초 KST ===
SHAP results: 12/12 complete

Classification SHAP progress:
  ✓ study-outcome
  ✓ study-adverse
  ✓ site-success
  ✓ driver-dnf


Next check in 10 minutes...

=== Check at 2025년 12월 29일 월요일 23시 51분 30초 KST ===
SHAP results: 12/12 complete

Classification SHAP progress:
  ✓ study-outcome
  ✓ study-adverse
  ✓ site-success
  ✓ driver-dnf


Next check in 10 minutes...

=== Check at 2025년 12월 30일 화요일 00시 01분 30초 KST ===
SHAP results: 12/12 complete

Classification SHAP progress:
  ✓ study-outcome
  ✓ study-adverse
  ✓ site-success
  ✓ driver-dnf


Next check in 10 minutes...

=== Check at 2025년 12월 30일 화요일 00시 11분 30초 KST ===
SHAP results: 12/12 complete

Classification SHAP progress:
  ✓ study-outcome
  ✓ study-adverse
  ✓ site-success
  ✓ driver-dnf


Next check in 10 minutes...

=== Check at 2025년 12월 30일 화요일 00시 21분 31초 KST ===
SHAP results: 12/12 complete

Classification SHAP progress:
  ✓ study-outcome
  ✓ study-adverse
  ✓ site-success
  ✓ driver-dnf


Next check in 10 minutes...

=== Check at 2025년 12월 30일 화요일 00시 31분 31초 KST ===
SHAP results: 12/12 complete

Classification SHAP progress:
  ✓ study-outcome
  ✓ study-adverse
  ✓ site-success
  ✓ driver-dnf


Next check in 10 minutes...

=== Check at 2025년 12월 30일 화요일 00시 41분 31초 KST ===
SHAP results: 12/12 complete

Classification SHAP progress:
  ✓ study-outcome
  ✓ study-adverse
  ✓ site-success
  ✓ driver-dnf


Next check in 10 minutes...

=== Check at 2025년 12월 30일 화요일 00시 51분 31초 KST ===
SHAP results: 12/12 complete

Classification SHAP progress:
  ✓ study-outcome
  ✓ study-adverse
  ✓ site-success
  ✓ driver-dnf


Next check in 10 minutes...

=== Check at 2025년 12월 30일 화요일 01시 01분 31초 KST ===
SHAP results: 12/12 complete

Classification SHAP progress:
  ✓ study-outcome
  ✓ study-adverse
  ✓ site-success
  ✓ driver-dnf


Next check in 10 minutes...

=== Check at 2025년 12월 30일 화요일 01시 11분 31초 KST ===
SHAP results: 12/12 complete

Classification SHAP progress:
  ✓ study-outcome
  ✓ study-adverse
  ✓ site-success
  ✓ driver-dnf


Next check in 10 minutes...

=== Check at 2025년 12월 30일 화요일 01시 21분 32초 KST ===
SHAP results: 12/12 complete

Classification SHAP progress:
  ✓ study-outcome
  ✓ study-adverse
  ✓ site-success
  ✓ driver-dnf


Next check in 10 minutes...

=== Check at 2025년 12월 30일 화요일 01시 31분 32초 KST ===
SHAP results: 12/12 complete

Classification SHAP progress:
  ✓ study-outcome
  ✓ study-adverse
  ✓ site-success
  ✓ driver-dnf


Next check in 10 minutes...

=== Check at 2025년 12월 30일 화요일 01시 41분 32초 KST ===
SHAP results: 12/12 complete

Classification SHAP progress:
  ✓ study-outcome
  ✓ study-adverse
  ✓ site-success
  ✓ driver-dnf


Next check in 10 minutes...

=== Check at 2025년 12월 30일 화요일 01시 51분 32초 KST ===
SHAP results: 12/12 complete

Classification SHAP progress:
  ✓ study-outcome
  ✓ study-adverse
  ✓ site-success
  ✓ driver-dnf


Next check in 10 minutes...

=== Check at 2025년 12월 30일 화요일 02시 01분 32초 KST ===
SHAP results: 12/12 complete

Classification SHAP progress:
  ✓ study-outcome
  ✓ study-adverse
  ✓ site-success
  ✓ driver-dnf


Next check in 10 minutes...

=== Check at 2025년 12월 30일 화요일 02시 11분 33초 KST ===
SHAP results: 12/12 complete

Classification SHAP progress:
  ✓ study-outcome
  ✓ study-adverse
  ✓ site-success
  ✓ driver-dnf


Next check in 10 minutes...

=== Check at 2025년 12월 30일 화요일 02시 21분 33초 KST ===
SHAP results: 12/12 complete

Classification SHAP progress:
  ✓ study-outcome
  ✓ study-adverse
  ✓ site-success
  ✓ driver-dnf


Next check in 10 minutes...

=== Check at 2025년 12월 30일 화요일 02시 31분 33초 KST ===
SHAP results: 12/12 complete

Classification SHAP progress:
  ✓ study-outcome
  ✓ study-adverse
  ✓ site-success
  ✓ driver-dnf


Next check in 10 minutes...

=== Check at 2025년 12월 30일 화요일 02시 41분 33초 KST ===
SHAP results: 12/12 complete

Classification SHAP progress:
  ✓ study-outcome
  ✓ study-adverse
  ✓ site-success
  ✓ driver-dnf


Next check in 10 minutes...

=== Check at 2025년 12월 30일 화요일 02시 51분 33초 KST ===
SHAP results: 12/12 complete

Classification SHAP progress:
  ✓ study-outcome
  ✓ study-adverse
  ✓ site-success
  ✓ driver-dnf


Next check in 10 minutes...

=== Check at 2025년 12월 30일 화요일 03시 01분 34초 KST ===
SHAP results: 12/12 complete

Classification SHAP progress:
  ✓ study-outcome
  ✓ study-adverse
  ✓ site-success
  ✓ driver-dnf


Next check in 10 minutes...

=== Check at 2025년 12월 30일 화요일 03시 11분 34초 KST ===
SHAP results: 12/12 complete

Classification SHAP progress:
  ✓ study-outcome
  ✓ study-adverse
  ✓ site-success
  ✓ driver-dnf


Next check in 10 minutes...

=== Check at 2025년 12월 30일 화요일 03시 21분 34초 KST ===
SHAP results: 12/12 complete

Classification SHAP progress:
  ✓ study-outcome
  ✓ study-adverse
  ✓ site-success
  ✓ driver-dnf


Next check in 10 minutes...

=== Check at 2025년 12월 30일 화요일 03시 31분 34초 KST ===
SHAP results: 12/12 complete

Classification SHAP progress:
  ✓ study-outcome
  ✓ study-adverse
  ✓ site-success
  ✓ driver-dnf


Next check in 10 minutes...

=== Check at 2025년 12월 30일 화요일 04시 25분 11초 KST ===
SHAP results: 12/12 complete

Classification SHAP progress:
  ✓ study-outcome
  ✓ study-adverse
  ✓ site-success
  ✓ driver-dnf


Next check in 10 minutes...

=== Check at 2025년 12월 30일 화요일 05시 31분 41초 KST ===
SHAP results: 12/12 complete

Classification SHAP progress:
  ✓ study-outcome
  ✓ study-adverse
  ✓ site-success
  ✓ driver-dnf


Next check in 10 minutes...

=== Check at 2025년 12월 30일 화요일 06시 50분 19초 KST ===
SHAP results: 12/12 complete

Classification SHAP progress:
  ✓ study-outcome
  ✓ study-adverse
  ✓ site-success
  ✓ driver-dnf


Next check in 10 minutes...

=== Check at 2025년 12월 30일 화요일 08시 23분 50초 KST ===
SHAP results: 12/12 complete

Classification SHAP progress:
  ✓ study-outcome
  ✓ study-adverse
  ✓ site-success
  ✓ driver-dnf


Next check in 10 minutes...

=== Check at 2025년 12월 30일 화요일 09시 54분 39초 KST ===
SHAP results: 12/12 complete

Classification SHAP progress:
  ✓ study-outcome
  ✓ study-adverse
  ✓ site-success
  ✓ driver-dnf


Next check in 10 minutes...

=== Check at 2025년 12월 30일 화요일 10시 20분 54초 KST ===
SHAP results: 12/12 complete

Classification SHAP progress:
  ✓ study-outcome
  ✓ study-adverse
  ✓ site-success
  ✓ driver-dnf


Next check in 10 minutes...

=== Check at 2025년 12월 30일 화요일 10시 30분 54초 KST ===
SHAP results: 12/12 complete

Classification SHAP progress:
  ✓ study-outcome
  ✓ study-adverse
  ✓ site-success
  ✓ driver-dnf


Next check in 10 minutes...

=== Check at 2025년 12월 30일 화요일 10시 40분 54초 KST ===
SHAP results: 12/12 complete

Classification SHAP progress:
  ✓ study-outcome
  ✓ study-adverse
  ✓ site-success
  ✓ driver-dnf


Next check in 10 minutes...

=== Check at 2025년 12월 30일 화요일 10시 50분 55초 KST ===
SHAP results: 12/12 complete

Classification SHAP progress:
  ✓ study-outcome
  ✓ study-adverse
  ✓ site-success
  ✓ driver-dnf


Next check in 10 minutes...

=== Check at 2025년 12월 30일 화요일 11시 00분 55초 KST ===
SHAP results: 12/12 complete

Classification SHAP progress:
  ✓ study-outcome
  ✓ study-adverse
  ✓ site-success
  ✓ driver-dnf


Next check in 10 minutes...

=== Check at 2025년 12월 30일 화요일 11시 10분 55초 KST ===
SHAP results: 12/12 complete

Classification SHAP progress:
  ✓ study-outcome
  ✓ study-adverse
  ✓ site-success
  ✓ driver-dnf


Next check in 10 minutes...

=== Check at 2025년 12월 30일 화요일 11시 20분 55초 KST ===
SHAP results: 12/12 complete

Classification SHAP progress:
  ✓ study-outcome
  ✓ study-adverse
  ✓ site-success
  ✓ driver-dnf


Next check in 10 minutes...

=== Check at 2025년 12월 30일 화요일 11시 30분 55초 KST ===
SHAP results: 12/12 complete

Classification SHAP progress:
  ✓ study-outcome
  ✓ study-adverse
  ✓ site-success
  ✓ driver-dnf


Next check in 10 minutes...

=== Check at 2025년 12월 30일 화요일 11시 40분 56초 KST ===
SHAP results: 12/12 complete

Classification SHAP progress:
  ✓ study-outcome
  ✓ study-adverse
  ✓ site-success
  ✓ driver-dnf


Next check in 10 minutes...

=== Check at 2025년 12월 30일 화요일 11시 50분 56초 KST ===
SHAP results: 12/12 complete

Classification SHAP progress:
  ✓ study-outcome
  ✓ study-adverse
  ✓ site-success
  ✓ driver-dnf


Next check in 10 minutes...

=== Check at 2025년 12월 30일 화요일 12시 00분 56초 KST ===
SHAP results: 12/12 complete

Classification SHAP progress:
  ✓ study-outcome
  ✓ study-adverse
  ✓ site-success
  ✓ driver-dnf


Next check in 10 minutes...

=== Check at 2025년 12월 30일 화요일 12시 10분 56초 KST ===
SHAP results: 12/12 complete

Classification SHAP progress:
  ✓ study-outcome
  ✓ study-adverse
  ✓ site-success
  ✓ driver-dnf


Next check in 10 minutes...

=== Check at 2025년 12월 30일 화요일 12시 20분 56초 KST ===
SHAP results: 12/12 complete

Classification SHAP progress:
  ✓ study-outcome
  ✓ study-adverse
  ✓ site-success
  ✓ driver-dnf


Next check in 10 minutes...

=== Check at 2025년 12월 30일 화요일 12시 30분 57초 KST ===
SHAP results: 12/12 complete

Classification SHAP progress:
  ✓ study-outcome
  ✓ study-adverse
  ✓ site-success
  ✓ driver-dnf


Next check in 10 minutes...

=== Check at 2025년 12월 30일 화요일 12시 40분 57초 KST ===
SHAP results: 12/12 complete

Classification SHAP progress:
  ✓ study-outcome
  ✓ study-adverse
  ✓ site-success
  ✓ driver-dnf


Next check in 10 minutes...

=== Check at 2025년 12월 30일 화요일 12시 50분 57초 KST ===
SHAP results: 12/12 complete

Classification SHAP progress:
  ✓ study-outcome
  ✓ study-adverse
  ✓ site-success
  ✓ driver-dnf


Next check in 10 minutes...

=== Check at 2025년 12월 30일 화요일 13시 00분 57초 KST ===
SHAP results: 12/12 complete

Classification SHAP progress:
  ✓ study-outcome
  ✓ study-adverse
  ✓ site-success
  ✓ driver-dnf


Next check in 10 minutes...

=== Check at 2025년 12월 30일 화요일 13시 10분 57초 KST ===
SHAP results: 12/12 complete

Classification SHAP progress:
  ✓ study-outcome
  ✓ study-adverse
  ✓ site-success
  ✓ driver-dnf


Next check in 10 minutes...

=== Check at 2025년 12월 30일 화요일 13시 20분 57초 KST ===
SHAP results: 12/12 complete

Classification SHAP progress:
  ✓ study-outcome
  ✓ study-adverse
  ✓ site-success
  ✓ driver-dnf


Next check in 10 minutes...

=== Check at 2025년 12월 30일 화요일 13시 30분 58초 KST ===
SHAP results: 12/12 complete

Classification SHAP progress:
  ✓ study-outcome
  ✓ study-adverse
  ✓ site-success
  ✓ driver-dnf


Next check in 10 minutes...

=== Check at 2025년 12월 30일 화요일 13시 40분 58초 KST ===
SHAP results: 12/12 complete

Classification SHAP progress:
  ✓ study-outcome
  ✓ study-adverse
  ✓ site-success
  ✓ driver-dnf


Next check in 10 minutes...

=== Check at 2025년 12월 30일 화요일 13시 50분 58초 KST ===
SHAP results: 12/12 complete

Classification SHAP progress:
  ✓ study-outcome
  ✓ study-adverse
  ✓ site-success
  ✓ driver-dnf


Next check in 10 minutes...

=== Check at 2025년 12월 30일 화요일 14시 00분 58초 KST ===
SHAP results: 12/12 complete

Classification SHAP progress:
  ✓ study-outcome
  ✓ study-adverse
  ✓ site-success
  ✓ driver-dnf


Next check in 10 minutes...

=== Check at 2025년 12월 30일 화요일 14시 10분 58초 KST ===
SHAP results: 12/12 complete

Classification SHAP progress:
  ✓ study-outcome
  ✓ study-adverse
  ✓ site-success
  ✓ driver-dnf


Next check in 10 minutes...

=== Check at 2025년 12월 30일 화요일 14시 20분 59초 KST ===
SHAP results: 12/12 complete

Classification SHAP progress:
  ✓ study-outcome
  ✓ study-adverse
  ✓ site-success
  ✓ driver-dnf


Next check in 10 minutes...

=== Check at 2025년 12월 30일 화요일 14시 30분 59초 KST ===
SHAP results: 12/12 complete

Classification SHAP progress:
  ✓ study-outcome
  ✓ study-adverse
  ✓ site-success
  ✓ driver-dnf


Next check in 10 minutes...

=== Check at 2025년 12월 30일 화요일 14시 40분 59초 KST ===
SHAP results: 12/12 complete

Classification SHAP progress:
  ✓ study-outcome
  ✓ study-adverse
  ✓ site-success
  ✓ driver-dnf


Next check in 10 minutes...

=== Check at 2025년 12월 30일 화요일 14시 50분 59초 KST ===
SHAP results: 12/12 complete

Classification SHAP progress:
  ✓ study-outcome
  ✓ study-adverse
  ✓ site-success
  ✓ driver-dnf


Next check in 10 minutes...

=== Check at 2025년 12월 30일 화요일 15시 00분 59초 KST ===
SHAP results: 12/12 complete

Classification SHAP progress:
  ✓ study-outcome
  ✓ study-adverse
  ✓ site-success
  ✓ driver-dnf


Next check in 10 minutes...

=== Check at 2025년 12월 30일 화요일 15시 11분 00초 KST ===
SHAP results: 12/12 complete

Classification SHAP progress:
  ✓ study-outcome
  ✓ study-adverse
  ✓ site-success
  ✓ driver-dnf


Next check in 10 minutes...

=== Check at 2025년 12월 30일 화요일 15시 21분 00초 KST ===
SHAP results: 12/12 complete

Classification SHAP progress:
  ✓ study-outcome
  ✓ study-adverse
  ✓ site-success
  ✓ driver-dnf


Next check in 10 minutes...

=== Check at 2025년 12월 30일 화요일 15시 31분 00초 KST ===
SHAP results: 12/12 complete

Classification SHAP progress:
  ✓ study-outcome
  ✓ study-adverse
  ✓ site-success
  ✓ driver-dnf


Next check in 10 minutes...

=== Check at 2025년 12월 30일 화요일 15시 41분 00초 KST ===
SHAP results: 12/12 complete

Classification SHAP progress:
  ✓ study-outcome
  ✓ study-adverse
  ✓ site-success
  ✓ driver-dnf


Next check in 10 minutes...

=== Check at 2025년 12월 30일 화요일 15시 51분 00초 KST ===
SHAP results: 12/12 complete

Classification SHAP progress:
  ✓ study-outcome
  ✓ study-adverse
  ✓ site-success
  ✓ driver-dnf


Next check in 10 minutes...

=== Check at 2025년 12월 30일 화요일 16시 01분 01초 KST ===
SHAP results: 12/12 complete

Classification SHAP progress:
  ✓ study-outcome
  ✓ study-adverse
  ✓ site-success
  ✓ driver-dnf


Next check in 10 minutes...

=== Check at 2025년 12월 30일 화요일 16시 11분 01초 KST ===
SHAP results: 12/12 complete

Classification SHAP progress:
  ✓ study-outcome
  ✓ study-adverse
  ✓ site-success
  ✓ driver-dnf


Next check in 10 minutes...

=== Check at 2025년 12월 30일 화요일 16시 21분 01초 KST ===
SHAP results: 12/12 complete

Classification SHAP progress:
  ✓ study-outcome
  ✓ study-adverse
  ✓ site-success
  ✓ driver-dnf


Next check in 10 minutes...

=== Check at 2025년 12월 30일 화요일 16시 31분 01초 KST ===
SHAP results: 12/12 complete

Classification SHAP progress:
  ✓ study-outcome
  ✓ study-adverse
  ✓ site-success
  ✓ driver-dnf


Next check in 10 minutes...

=== Check at 2025년 12월 30일 화요일 16시 41분 01초 KST ===
SHAP results: 12/12 complete

Classification SHAP progress:
  ✓ study-outcome
  ✓ study-adverse
  ✓ site-success
  ✓ driver-dnf


Next check in 10 minutes...

=== Check at 2025년 12월 30일 화요일 16시 51분 02초 KST ===
SHAP results: 12/12 complete

Classification SHAP progress:
  ✓ study-outcome
  ✓ study-adverse
  ✓ site-success
  ✓ driver-dnf


Next check in 10 minutes...

=== Check at 2025년 12월 30일 화요일 17시 01분 02초 KST ===
SHAP results: 12/12 complete

Classification SHAP progress:
  ✓ study-outcome
  ✓ study-adverse
  ✓ site-success
  ✓ driver-dnf


Next check in 10 minutes...

=== Check at 2025년 12월 30일 화요일 17시 11분 02초 KST ===
SHAP results: 12/12 complete

Classification SHAP progress:
  ✓ study-outcome
  ✓ study-adverse
  ✓ site-success
  ✓ driver-dnf


Next check in 10 minutes...

=== Check at 2025년 12월 30일 화요일 17시 21분 02초 KST ===
SHAP results: 12/12 complete

Classification SHAP progress:
  ✓ study-outcome
  ✓ study-adverse
  ✓ site-success
  ✓ driver-dnf


Next check in 10 minutes...

=== Check at 2025년 12월 30일 화요일 17시 31분 03초 KST ===
SHAP results: 12/12 complete

Classification SHAP progress:
  ✓ study-outcome
  ✓ study-adverse
  ✓ site-success
  ✓ driver-dnf


Next check in 10 minutes...

=== Check at 2025년 12월 30일 화요일 17시 41분 03초 KST ===
SHAP results: 12/12 complete

Classification SHAP progress:
  ✓ study-outcome
  ✓ study-adverse
  ✓ site-success
  ✓ driver-dnf


Next check in 10 minutes...

=== Check at 2025년 12월 30일 화요일 17시 51분 03초 KST ===
SHAP results: 12/12 complete

Classification SHAP progress:
  ✓ study-outcome
  ✓ study-adverse
  ✓ site-success
  ✓ driver-dnf


Next check in 10 minutes...

=== Check at 2025년 12월 30일 화요일 18시 01분 03초 KST ===
SHAP results: 12/12 complete

Classification SHAP progress:
  ✓ study-outcome
  ✓ study-adverse
  ✓ site-success
  ✓ driver-dnf


Next check in 10 minutes...

=== Check at 2025년 12월 30일 화요일 18시 11분 03초 KST ===
SHAP results: 12/12 complete

Classification SHAP progress:
  ✓ study-outcome
  ✓ study-adverse
  ✓ site-success
  ✓ driver-dnf


Next check in 10 minutes...

=== Check at 2025년 12월 30일 화요일 18시 37분 36초 KST ===
SHAP results: 12/12 complete

Classification SHAP progress:
  ✓ study-outcome
  ✓ study-adverse
  ✓ site-success
  ✓ driver-dnf


Next check in 10 minutes...

=== Check at 2025년 12월 30일 화요일 20시 20분 02초 KST ===
SHAP results: 12/12 complete

Classification SHAP progress:
  ✓ study-outcome
  ✓ study-adverse
  ✓ site-success
  ✓ driver-dnf


Next check in 10 minutes...

=== Check at 2025년 12월 31일 수요일 07시 31분 56초 KST ===
SHAP results: 12/12 complete

Classification SHAP progress:
  ✓ study-outcome
  ✓ study-adverse
  ✓ site-success
  ✓ driver-dnf


Next check in 10 minutes...

=== Check at 2025년 12월 31일 수요일 15시 20분 44초 KST ===
SHAP results: 12/12 complete

Classification SHAP progress:
  ✓ study-outcome
  ✓ study-adverse
  ✓ site-success
  ✓ driver-dnf


Next check in 10 minutes...

=== Check at 2025년 12월 31일 수요일 15시 55분 35초 KST ===
SHAP results: 12/12 complete

Classification SHAP progress:
  ✓ study-outcome
  ✓ study-adverse
  ✓ site-success
  ✓ driver-dnf


Next check in 10 minutes...

=== Check at 2025년 12월 31일 수요일 16시 05분 35초 KST ===
SHAP results: 12/12 complete

Classification SHAP progress:
  ✓ study-outcome
  ✓ study-adverse
  ✓ site-success
  ✓ driver-dnf


Next check in 10 minutes...

=== Check at 2025년 12월 31일 수요일 16시 15분 35초 KST ===
SHAP results: 12/12 complete

Classification SHAP progress:
  ✓ study-outcome
  ✓ study-adverse
  ✓ site-success
  ✓ driver-dnf


Next check in 10 minutes...

=== Check at 2025년 12월 31일 수요일 16시 25분 35초 KST ===
SHAP results: 12/12 complete

Classification SHAP progress:
  ✓ study-outcome
  ✓ study-adverse
  ✓ site-success
  ✓ driver-dnf


Next check in 10 minutes...

=== Check at 2025년 12월 31일 수요일 16시 35분 35초 KST ===
SHAP results: 12/12 complete

Classification SHAP progress:
  ✓ study-outcome
  ✓ study-adverse
  ✓ site-success
  ✓ driver-dnf


Next check in 10 minutes...

=== Check at 2025년 12월 31일 수요일 16시 45분 36초 KST ===
SHAP results: 12/12 complete

Classification SHAP progress:
  ✓ study-outcome
  ✓ study-adverse
  ✓ site-success
  ✓ driver-dnf


Next check in 10 minutes...

=== Check at 2025년 12월 31일 수요일 16시 55분 36초 KST ===
SHAP results: 12/12 complete

Classification SHAP progress:
  ✓ study-outcome
  ✓ study-adverse
  ✓ site-success
  ✓ driver-dnf


Next check in 10 minutes...

=== Check at 2025년 12월 31일 수요일 17시 05분 36초 KST ===
SHAP results: 12/12 complete

Classification SHAP progress:
  ✓ study-outcome
  ✓ study-adverse
  ✓ site-success
  ✓ driver-dnf


Next check in 10 minutes...

=== Check at 2025년 12월 31일 수요일 17시 15분 36초 KST ===
SHAP results: 12/12 complete

Classification SHAP progress:
  ✓ study-outcome
  ✓ study-adverse
  ✓ site-success
  ✓ driver-dnf


Next check in 10 minutes...

=== Check at 2025년 12월 31일 수요일 17시 25분 36초 KST ===
SHAP results: 12/12 complete

Classification SHAP progress:
  ✓ study-outcome
  ✓ study-adverse
  ✓ site-success
  ✓ driver-dnf


Next check in 10 minutes...

=== Check at 2025년 12월 31일 수요일 17시 35분 36초 KST ===
SHAP results: 12/12 complete

Classification SHAP progress:
  ✓ study-outcome
  ✓ study-adverse
  ✓ site-success
  ✓ driver-dnf


Next check in 10 minutes...

=== Check at 2025년 12월 31일 수요일 17시 45분 37초 KST ===
SHAP results: 12/12 complete

Classification SHAP progress:
  ✓ study-outcome
  ✓ study-adverse
  ✓ site-success
  ✓ driver-dnf


Next check in 10 minutes...

=== Check at 2025년 12월 31일 수요일 17시 55분 37초 KST ===
SHAP results: 12/12 complete

Classification SHAP progress:
  ✓ study-outcome
  ✓ study-adverse
  ✓ site-success
  ✓ driver-dnf


Next check in 10 minutes...

=== Check at 2025년 12월 31일 수요일 18시 05분 37초 KST ===
SHAP results: 12/12 complete

Classification SHAP progress:
  ✓ study-outcome
  ✓ study-adverse
  ✓ site-success
  ✓ driver-dnf


Next check in 10 minutes...

=== Check at 2025년 12월 31일 수요일 18시 15분 37초 KST ===
SHAP results: 12/12 complete

Classification SHAP progress:
  ✓ study-outcome
  ✓ study-adverse
  ✓ site-success
  ✓ driver-dnf


Next check in 10 minutes...

=== Check at 2025년 12월 31일 수요일 18시 25분 37초 KST ===
SHAP results: 12/12 complete

Classification SHAP progress:
  ✓ study-outcome
  ✓ study-adverse
  ✓ site-success
  ✓ driver-dnf


Next check in 10 minutes...

=== Check at 2025년 12월 31일 수요일 18시 35분 38초 KST ===
SHAP results: 12/12 complete

Classification SHAP progress:
  ✓ study-outcome
  ✓ study-adverse
  ✓ site-success
  ✓ driver-dnf


Next check in 10 minutes...

=== Check at 2025년 12월 31일 수요일 18시 45분 38초 KST ===
SHAP results: 12/12 complete

Classification SHAP progress:
  ✓ study-outcome
  ✓ study-adverse
  ✓ site-success
  ✓ driver-dnf


Next check in 10 minutes...

=== Check at 2025년 12월 31일 수요일 18시 55분 38초 KST ===
SHAP results: 12/12 complete

Classification SHAP progress:
  ✓ study-outcome
  ✓ study-adverse
  ✓ site-success
  ✓ driver-dnf


Next check in 10 minutes...

=== Check at 2025년 12월 31일 수요일 19시 05분 38초 KST ===
SHAP results: 12/12 complete

Classification SHAP progress:
  ✓ study-outcome
  ✓ study-adverse
  ✓ site-success
  ✓ driver-dnf


Next check in 10 minutes...

=== Check at 2025년 12월 31일 수요일 19시 15분 39초 KST ===
SHAP results: 12/12 complete

Classification SHAP progress:
  ✓ study-outcome
  ✓ study-adverse
  ✓ site-success
  ✓ driver-dnf


Next check in 10 minutes...

=== Check at 2025년 12월 31일 수요일 19시 25분 39초 KST ===
SHAP results: 12/12 complete

Classification SHAP progress:
  ✓ study-outcome
  ✓ study-adverse
  ✓ site-success
  ✓ driver-dnf


Next check in 10 minutes...

=== Check at 2025년 12월 31일 수요일 19시 35분 39초 KST ===
SHAP results: 12/12 complete

Classification SHAP progress:
  ✓ study-outcome
  ✓ study-adverse
  ✓ site-success
  ✓ driver-dnf


Next check in 10 minutes...

=== Check at 2025년 12월 31일 수요일 19시 45분 39초 KST ===
SHAP results: 12/12 complete

Classification SHAP progress:
  ✓ study-outcome
  ✓ study-adverse
  ✓ site-success
  ✓ driver-dnf


Next check in 10 minutes...

=== Check at 2025년 12월 31일 수요일 19시 55분 40초 KST ===
SHAP results: 12/12 complete

Classification SHAP progress:
  ✓ study-outcome
  ✓ study-adverse
  ✓ site-success
  ✓ driver-dnf


Next check in 10 minutes...

=== Check at 2025년 12월 31일 수요일 20시 05분 40초 KST ===
SHAP results: 12/12 complete

Classification SHAP progress:
  ✓ study-outcome
  ✓ study-adverse
  ✓ site-success
  ✓ driver-dnf


Next check in 10 minutes...

=== Check at 2025년 12월 31일 수요일 20시 15분 40초 KST ===
SHAP results: 12/12 complete

Classification SHAP progress:
  ✓ study-outcome
  ✓ study-adverse
  ✓ site-success
  ✓ driver-dnf


Next check in 10 minutes...

=== Check at 2025년 12월 31일 수요일 20시 25분 40초 KST ===
SHAP results: 12/12 complete

Classification SHAP progress:
  ✓ study-outcome
  ✓ study-adverse
  ✓ site-success
  ✓ driver-dnf


Next check in 10 minutes...

=== Check at 2025년 12월 31일 수요일 20시 35분 40초 KST ===
SHAP results: 12/12 complete

Classification SHAP progress:
  ✓ study-outcome
  ✓ study-adverse
  ✓ site-success
  ✓ driver-dnf


Next check in 10 minutes...

=== Check at 2025년 12월 31일 수요일 20시 45분 41초 KST ===
SHAP results: 12/12 complete

Classification SHAP progress:
  ✓ study-outcome
  ✓ study-adverse
  ✓ site-success
  ✓ driver-dnf


Next check in 10 minutes...

=== Check at 2025년 12월 31일 수요일 20시 55분 41초 KST ===
SHAP results: 12/12 complete

Classification SHAP progress:
  ✓ study-outcome
  ✓ study-adverse
  ✓ site-success
  ✓ driver-dnf


Next check in 10 minutes...

=== Check at 2025년 12월 31일 수요일 21시 05분 41초 KST ===
SHAP results: 12/12 complete

Classification SHAP progress:
  ✓ study-outcome
  ✓ study-adverse
  ✓ site-success
  ✓ driver-dnf


Next check in 10 minutes...

=== Check at 2025년 12월 31일 수요일 21시 15분 41초 KST ===
SHAP results: 12/12 complete

Classification SHAP progress:
  ✓ study-outcome
  ✓ study-adverse
  ✓ site-success
  ✓ driver-dnf


Next check in 10 minutes...

=== Check at 2025년 12월 31일 수요일 21시 25분 41초 KST ===
SHAP results: 12/12 complete

Classification SHAP progress:
  ✓ study-outcome
  ✓ study-adverse
  ✓ site-success
  ✓ driver-dnf


Next check in 10 minutes...

=== Check at 2025년 12월 31일 수요일 21시 35분 42초 KST ===
SHAP results: 12/12 complete

Classification SHAP progress:
  ✓ study-outcome
  ✓ study-adverse
  ✓ site-success
  ✓ driver-dnf


Next check in 10 minutes...

=== Check at 2025년 12월 31일 수요일 21시 45분 42초 KST ===
SHAP results: 12/12 complete

Classification SHAP progress:
  ✓ study-outcome
  ✓ study-adverse
  ✓ site-success
  ✓ driver-dnf


Next check in 10 minutes...

=== Check at 2025년 12월 31일 수요일 22시 40분 40초 KST ===
SHAP results: 12/12 complete

Classification SHAP progress:
  ✓ study-outcome
  ✓ study-adverse
  ✓ site-success
  ✓ driver-dnf


Next check in 10 minutes...

=== Check at 2025년 12월 31일 수요일 23시 14분 45초 KST ===
SHAP results: 12/12 complete

Classification SHAP progress:
  ✓ study-outcome
  ✓ study-adverse
  ✓ site-success
  ✓ driver-dnf


Next check in 10 minutes...

=== Check at 2025년 12월 31일 수요일 23시 24분 45초 KST ===
SHAP results: 12/12 complete

Classification SHAP progress:
  ✓ study-outcome
  ✓ study-adverse
  ✓ site-success
  ✓ driver-dnf


Next check in 10 minutes...

=== Check at 2025년 12월 31일 수요일 23시 34분 45초 KST ===
SHAP results: 12/12 complete

Classification SHAP progress:
  ✓ study-outcome
  ✓ study-adverse
  ✓ site-success
  ✓ driver-dnf


Next check in 10 minutes...

=== Check at 2025년 12월 31일 수요일 23시 44분 46초 KST ===
SHAP results: 12/12 complete

Classification SHAP progress:
  ✓ study-outcome
  ✓ study-adverse
  ✓ site-success
  ✓ driver-dnf


Next check in 10 minutes...

=== Check at 2025년 12월 31일 수요일 23시 54분 46초 KST ===
SHAP results: 12/12 complete

Classification SHAP progress:
  ✓ study-outcome
  ✓ study-adverse
  ✓ site-success
  ✓ driver-dnf


Next check in 10 minutes...

=== Check at 2026년  1월  1일 목요일 00시 04분 46초 KST ===
SHAP results: 12/12 complete

Classification SHAP progress:
  ✓ study-outcome
  ✓ study-adverse
  ✓ site-success
  ✓ driver-dnf


Next check in 10 minutes...

=== Check at 2026년  1월  1일 목요일 00시 43분 49초 KST ===
SHAP results: 12/12 complete

Classification SHAP progress:
  ✓ study-outcome
  ✓ study-adverse
  ✓ site-success
  ✓ driver-dnf


Next check in 10 minutes...

=== Check at 2026년  1월  1일 목요일 02시 22분 49초 KST ===
SHAP results: 12/12 complete

Classification SHAP progress:
  ✓ study-outcome
  ✓ study-adverse
  ✓ site-success
  ✓ driver-dnf


Next check in 10 minutes...

=== Check at 2026년  1월  1일 목요일 04시 08분 20초 KST ===
SHAP results: 12/12 complete

Classification SHAP progress:
  ✓ study-outcome
  ✓ study-adverse
  ✓ site-success
  ✓ driver-dnf


Next check in 10 minutes...

=== Check at 2026년  1월  1일 목요일 05시 59분 02초 KST ===
SHAP results: 12/12 complete

Classification SHAP progress:
  ✓ study-outcome
  ✓ study-adverse
  ✓ site-success
  ✓ driver-dnf


Next check in 10 minutes...

=== Check at 2026년  1월  1일 목요일 08시 00분 28초 KST ===
SHAP results: 12/12 complete

Classification SHAP progress:
  ✓ study-outcome
  ✓ study-adverse
  ✓ site-success
  ✓ driver-dnf


Next check in 10 minutes...

=== Check at 2026년  1월  1일 목요일 08시 56분 13초 KST ===
SHAP results: 12/12 complete

Classification SHAP progress:
  ✓ study-outcome
  ✓ study-adverse
  ✓ site-success
  ✓ driver-dnf


Next check in 10 minutes...

=== Check at 2026년  1월  1일 목요일 09시 06분 14초 KST ===
SHAP results: 12/12 complete

Classification SHAP progress:
  ✓ study-outcome
  ✓ study-adverse
  ✓ site-success
  ✓ driver-dnf


Next check in 10 minutes...

=== Check at 2026년  1월  1일 목요일 09시 16분 14초 KST ===
SHAP results: 12/12 complete

Classification SHAP progress:
  ✓ study-outcome
  ✓ study-adverse
  ✓ site-success
  ✓ driver-dnf


Next check in 10 minutes...

=== Check at 2026년  1월  1일 목요일 09시 26분 14초 KST ===
SHAP results: 12/12 complete

Classification SHAP progress:
  ✓ study-outcome
  ✓ study-adverse
  ✓ site-success
  ✓ driver-dnf


Next check in 10 minutes...

=== Check at 2026년  1월  1일 목요일 09시 36분 14초 KST ===
SHAP results: 12/12 complete

Classification SHAP progress:
  ✓ study-outcome
  ✓ study-adverse
  ✓ site-success
  ✓ driver-dnf


Next check in 10 minutes...

=== Check at 2026년  1월  1일 목요일 09시 46분 14초 KST ===
SHAP results: 12/12 complete

Classification SHAP progress:
  ✓ study-outcome
  ✓ study-adverse
  ✓ site-success
  ✓ driver-dnf


Next check in 10 minutes...

=== Check at 2026년  1월  1일 목요일 09시 56분 15초 KST ===
SHAP results: 12/12 complete

Classification SHAP progress:
  ✓ study-outcome
  ✓ study-adverse
  ✓ site-success
  ✓ driver-dnf


Next check in 10 minutes...

=== Check at 2026년  1월  1일 목요일 10시 06분 15초 KST ===
SHAP results: 12/12 complete

Classification SHAP progress:
  ✓ study-outcome
  ✓ study-adverse
  ✓ site-success
  ✓ driver-dnf


Next check in 10 minutes...

=== Check at 2026년  1월  1일 목요일 10시 16분 15초 KST ===
SHAP results: 12/12 complete

Classification SHAP progress:
  ✓ study-outcome
  ✓ study-adverse
  ✓ site-success
  ✓ driver-dnf


Next check in 10 minutes...

=== Check at 2026년  1월  1일 목요일 10시 26분 15초 KST ===
SHAP results: 12/12 complete

Classification SHAP progress:
  ✓ study-outcome
  ✓ study-adverse
  ✓ site-success
  ✓ driver-dnf


Next check in 10 minutes...

